servidorvoipnvs@app-licenca:/opt/vendas-app/nvs-antt2$ ls -la dist/
total 316
drwxr-xr-x 3 servidorvoipnvs servidorvoipnvs   4096 May 23 01:00 .
drwxr-xr-x 9 servidorvoipnvs servidorvoipnvs   4096 May 23 01:30 ..
-rw-r--r-- 1 servidorvoipnvs servidorvoipnvs 310510 May 23 01:30 index.js
drwxr-xr-x 3 servidorvoipnvs servidorvoipnvs   4096 May 23 01:30 public
servidorvoipnvs@app-licenca:/opt/vendas-app/nvs-antt2$ npm run build

> rest-express@1.0.0 build
> vite build && esbuild server/index.ts --platform=node --packages=external --bundle --format=esm --outdir=dist

vite v5.4.14 building for production...
transforming (3) src/main.tsxBrowserslist: browsers data (caniuse-lite) is 7 months old. Please run:
  npx update-browserslist-db@latest
  Why you should do it regularly: https://github.com/browserslist/update-db#readme
✓ 3898 modules transformed.
[plugin:vite:reporter] [plugin vite:reporter] 
(!) /opt/vendas-app/nvs-antt2/client/src/lib/queryClient.ts is dynamically imported by /opt/vendas-app/nvs-antt2/client/src/hooks/use-websocket.tsx but also statically imported by /opt/vendas-app/nvs-antt2/client/src/App.tsx, /opt/vendas-app/nvs-antt2/client/src/components/admin/populate-sales-button.tsx, /opt/vendas-app/nvs-antt2/client/src/components/cost-types/cost-type-dialog.tsx, /opt/vendas-app/nvs-antt2/client/src/components/customers/customer-dialog.tsx, /opt/vendas-app/nvs-antt2/client/src/components/finance/finance-transaction-dialog.tsx, /opt/vendas-app/nvs-antt2/client/src/components/finance/payment-confirmation.tsx, /opt/vendas-app/nvs-antt2/client/src/components/payment-methods/payment-method-dialog.tsx, /opt/vendas-app/nvs-antt2/client/src/components/reports/report-list.tsx, /opt/vendas-app/nvs-antt2/client/src/components/sales/devolve-button.tsx, /opt/vendas-app/nvs-antt2/client/src/components/sales/reenvio-button.tsx, /opt/vendas-app/nvs-antt2/client/src/components/sales/sale-details-dialog.tsx, /opt/vendas-app/nvs-antt2/client/src/components/sales/sale-operation-dialog.tsx, /opt/vendas-app/nvs-antt2/client/src/components/service-providers/service-provider-dialog.tsx, /opt/vendas-app/nvs-antt2/client/src/components/service-types/service-type-dialog.tsx, /opt/vendas-app/nvs-antt2/client/src/components/services/service-dialog.tsx, /opt/vendas-app/nvs-antt2/client/src/components/users/reset-password-dialog.tsx, /opt/vendas-app/nvs-antt2/client/src/components/users/user-dialog.tsx, /opt/vendas-app/nvs-antt2/client/src/hooks/use-auth.tsx, /opt/vendas-app/nvs-antt2/client/src/pages/cost-types-page.tsx, /opt/vendas-app/nvs-antt2/client/src/pages/customers-page.tsx, /opt/vendas-app/nvs-antt2/client/src/pages/payment-methods-page.tsx, /opt/vendas-app/nvs-antt2/client/src/pages/sales-page.tsx, /opt/vendas-app/nvs-antt2/client/src/pages/service-providers-page.tsx, /opt/vendas-app/nvs-antt2/client/src/pages/service-types-page.tsx, /opt/vendas-app/nvs-antt2/client/src/pages/services-page.tsx, /opt/vendas-app/nvs-antt2/client/src/pages/users-page.tsx, dynamic import will not move module into another chunk.

../dist/public/index.html                              1.85 kB │ gzip:   0.75 kB
../dist/public/assets/index-BjWsXa4N.css              81.62 kB │ gzip:  13.91 kB
../dist/public/assets/purify.es-CF4_YkFU.js           21.86 kB │ gzip:   8.62 kB
../dist/public/assets/index.es-BOgMjw9J.js           149.98 kB │ gzip:  51.25 kB
../dist/public/assets/html2canvas.esm-CBrSDip1.js    201.42 kB │ gzip:  48.03 kB
../dist/public/assets/index-1rbjzIpr.js            2,204.26 kB │ gzip: 632.65 kB

(!) Some chunks are larger than 500 kB after minification. Consider:
- Using dynamic import() to code-split the application
- Use build.rollupOptions.output.manualChunks to improve chunking: https://rollupjs.org/configuration-options/#output-manualchunks
- Adjust chunk size limit for this warning via build.chunkSizeWarningLimit.
✓ built in 37.18s
▲ [WARNING] Duplicate member "getSaleOperationalCosts" in class body [duplicate-class-member]

    server/storage.ts:2951:8:
      2951 │   async getSaleOperationalCosts(
           ╵         ~~~~~~~~~~~~~~~~~~~~~~~

  The original member "getSaleOperationalCosts" is here:

    server/storage.ts:2478:8:
      2478 │   async getSaleOperationalCosts(
           ╵         ~~~~~~~~~~~~~~~~~~~~~~~

▲ [WARNING] Duplicate member "getSaleOperationalCost" in class body [duplicate-class-member]

    server/storage.ts:2982:8:
      2982 │   async getSaleOperationalCost(
           ╵         ~~~~~~~~~~~~~~~~~~~~~~

  The original member "getSaleOperationalCost" is here:

    server/storage.ts:2487:8:
      2487 │   async getSaleOperationalCost(
           ╵         ~~~~~~~~~~~~~~~~~~~~~~

2 warnings

  dist/index.js  303.2kb

⚡ Done in 55ms
servidorvoipnvs@app-licenca:/opt/vendas-app/nvs-antt2$ pm2 start dist/index.js --name vendas-app
[PM2][ERROR] Script already launched, add -f option to force re-execution
servidorvoipnvs@app-licenca:/opt/vendas-app/nvs-antt2$ pm2 status
┌────┬────────────────────┬──────────┬──────┬───────────┬──────────┬──────────┐
│ id │ name               │ mode     │ ↺    │ status    │ cpu      │ memory   │
├────┼────────────────────┼──────────┼──────┼───────────┼──────────┼──────────┤
│ 16 │ aet-license-system │ cluster  │ 23   │ online    │ 0%       │ 106.8mb  │
│ 18 │ vendas-app         │ fork     │ 1    │ online    │ 0%       │ 103.6mb  │
└────┴────────────────────┴──────────┴──────┴───────────┴──────────┴──────────┘
Module
┌────┬────────────────────┬──────────┬──────────┬──────────┐
│ id │ name               │ status   │ cpu      │ mem      │
├────┼────────────────────┼──────────┼──────────┼──────────┤
│ 0  │ pm2-logrotate      │ online   │ 0%       │ 48.0mb   │
└────┴────────────────────┴──────────┴──────────┴──────────┘
servidorvoipnvs@app-licenca:/opt/vendas-app/nvs-antt2$ curl http://localhost:5001
<!DOCTYPE html>
<html lang="en">
  <head>
    <style data-vite-theme="" data-inject-first="">:root {
      --background: 0 0% 100%;
--foreground: 20 14.3% 4.1%;
--muted: 60 4.8% 95.9%;
--muted-foreground: 25 5.3% 44.7%;
--popover: 0 0% 100%;
--popover-foreground: 20 14.3% 4.1%;
--card: 0 0% 100%;
--card-foreground: 20 14.3% 4.1%;
--border: 20 5.9% 90%;
--input: 20 5.9% 90%;
--primary: 240 80% 60%;
--primary-foreground: 227 100% 99%;
--secondary: 60 4.8% 95.9%;
--secondary-foreground: 24 9.8% 10%;
--accent: 60 4.8% 95.9%;
--accent-foreground: 24 9.8% 10%;
--destructive: 0 84.2% 60.2%;
--destructive-foreground: 60 9.1% 97.8%;
--ring: 20 14.3% 4.1%;
--radius: 0.375rem;
  }
  .dark {
      --background: 240 10% 3.9%;
--foreground: 0 0% 98%;
--muted: 240 3.7% 15.9%;
--muted-foreground: 240 5% 64.9%;
--popover: 240 10% 3.9%;
--popover-foreground: 0 0% 98%;
--card: 240 10% 3.9%;
--card-foreground: 0 0% 98%;
--border: 240 3.7% 15.9%;
--input: 240 3.7% 15.9%;
--primary: 240 80% 60%;
--primary-foreground: 227 100% 99%;
--secondary: 240 3.7% 15.9%;
--secondary-foreground: 0 0% 98%;
--accent: 240 3.7% 15.9%;
--accent-foreground: 0 0% 98%;
--destructive: 0 62.8% 30.6%;
--destructive-foreground: 0 0% 98%;
--ring: 240 4.9% 83.9%;
--radius: 0.375rem;
  }</style>

    <script type="module">
import { createHotContext } from "/@vite/client";
const hot = createHotContext("/__dummy__runtime-error-plugin");

function sendError(error) {
  if (!(error instanceof Error)) {
    error = new Error("(unknown runtime error)");
  }
  const serialized = {
    message: error.message,
    stack: error.stack,
  };
  hot.send("runtime-error-plugin:error", serialized);
}

window.addEventListener("error", (evt) => {
  sendError(evt.error);
});

window.addEventListener("unhandledrejection", (evt) => {
  sendError(evt.reason);
});
</script>

    <script type="module">
import RefreshRuntime from "/@react-refresh"
RefreshRuntime.injectIntoGlobalHook(window)
window.$RefreshReg$ = () => {}
window.$RefreshSig$ = () => (type) => type
window.__vite_plugin_react_preamble_installed__ = true
</script>

    <script type="module" src="/@vite/client"></script>

    <meta charset="UTF-8" />
    <meta name="viewport" content="width=device-width, initial-scale=1.0, maximum-scale=1" />
  </head>
  <body>
    <div id="root"></div>
    <script type="module" src="/src/main.tsx?v=-EJnH9vNhbUpxujfnr6or"></script>
    <!-- This is a replit script which adds a banner on the top of the page when opened in development mode outside the replit environment -->
    <script type="text/javascript" src="https://replit.com/public/js/replit-dev-banner.js"></script>
  </body>
</html>servidorvoipnvs@app-licenca:/opt/vendas-app/nvs-antt2$ 